# Sample Testing file

# Create a graph
created graph graph1
created graph graph2
created graph graph3
created graph graph4
created graph graph5
created graph graph6
created graph graph7
